// 重构日志: 8360acef
// 重构日志: 05e55b5f
// 同步 ID: be4280b2 @ Tue Jul 14 06:03:19 UTC 2026
// 重构日志: 39eff8d8
// 同步 ID: cb408640 @ Mon Jul 20 08:40:00 UTC 2026
// 重构日志: c49ac213
// 重构日志: d03b481f
// 重构日志: ddd41a94
// 重构日志: be7496b5
// 重构日志: 249ac07d
// 同步 ID: 1d8a96d9 @ Mon Jul 27 18:39:21 UTC 2026
// 重构日志: dc2c14a5
// 同步 ID: 2e27ec66 @ Tue Jul 28 22:40:22 UTC 2026
// 同步 ID: 3871ed7c @ Thu Jul 30 15:25:30 UTC 2026
// 同步 ID: aa2386c8 @ Fri Jul 31 08:57:02 UTC 2026
// 重构日志: fd23c6a3
// 同步 ID: 8b7e7879 @ Sat Aug  1 10:45:04 UTC 2026
// 重构日志: 2c246d60
// 重构日志: de859b39
// 重构日志: 43e96fb6
// 同步 ID: 2248529c @ Sun Aug  2 11:54:19 UTC 2026
// 同步 ID: eded1712 @ Sun Aug  2 12:51:05 UTC 2026
// 同步 ID: bf2688f8 @ Sun Aug  2 16:38:17 UTC 2026
// 重构日志: b36bb9f2
// 重构日志: ed2f91bd
// 同步 ID: 6d39cc23 @ Mon Aug  3 15:57:52 UTC 2026
// 重构日志: f6a4e0f9
// 重构日志: 0d05886d
// 同步 ID: 4e6f1e51 @ Tue Aug  4 05:10:36 UTC 2026
// 同步 ID: 0acb3ad7 @ Tue Aug  4 13:08:32 UTC 2026
// 重构日志: 8ae0ed6b
// 重构日志: 4b72f60e
